{
  "API Class": "floodmodeller_api.ied.IED",
  "API Version": "0.4.2.post1",
  "Object Attributes": {
    "_filepath": "C:\\Users\\PIERCEJA\\OneDrive - Jacobs\\Documents\\Projects\\Flood Modeller API\\development\\floodmodeller-api\\floodmodeller_api\\test\\test_data\\network.ied",
    "file": {
      "API Class": "floodmodeller_api.backup.File",
      "Object Attributes": {
        "path": "C:\\Users\\PIERCEJA\\OneDrive - Jacobs\\Documents\\Projects\\Flood Modeller API\\development\\floodmodeller-api\\floodmodeller_api\\test\\test_data\\network.ied",
        "ext": ".ied",
        "dttm_str": "2024-04-17-14-09-24",
        "file_id": "88256e1c368ee0953d6b32dba41eeafa01bcb245",
        "backup_filename": "88256e1c368ee0953d6b32dba41eeafa01bcb245_2024-04-17-14-09-24.ied",
        "temp_dir": "C:\\Users\\PIERCEJA\\AppData\\Local\\Temp",
        "backup_dirname": "floodmodeller_api_backup",
        "backup_dir": "C:\\Users\\PIERCEJA\\AppData\\Local\\Temp\\floodmodeller_api_backup",
        "backup_csv_path": "C:\\Users\\PIERCEJA\\AppData\\Local\\Temp\\floodmodeller_api_backup\\file-backups.csv"
      }
    },
    "_raw_data": [
      "FSSR16BDY",
      "resin",
      "    66.000                    ",
      "       0.0     1.000          SCALEFACT      1.000HYDROGRAPH      1.00      FULL",
      "ENGLAND",
      "    99.000     6.500    11.300     0.400     0.050",
      "     0.000    13.000    30.900     0.000",
      "   761.000    55.000     0.370   167.400",
      "FSRER",
      "   100.000     0.000     0.960",
      "FSRCW",
      "     0.000",
      "F16PR     FIXED",
      "    30.000",
      "OBSTP",
      "     1.000     4.500",
      "F16BF",
      "     0.000",
      "OBSUH",
      "7         mmarea",
      "     0.000",
      "     0.100",
      "     0.300",
      "     0.500",
      "     0.300",
      "     0.100",
      "     0.000",
      "WINRP              0",
      "         0",
      "QTBDY ",
      "CS26",
      "         4     0.000     0.000   seconds  NOEXTEND    LINEAR     0.000     0.000  OVERRIDE",
      "     1.000     0.000",
      "     1.000 46800.000",
      "     0.000 47160.000",
      "     0.000 1.000e+09",
      "QHBDY ",
      "DS4",
      "         6     0.000    LINEAR",
      "     0.000    67.030",
      "     1.751    67.750",
      "     5.303    68.220",
      "    10.351    68.560",
      "    33.975    69.059",
      "    65.165    69.487"
    ],
    "_ied_struct": [
      {
        "Type": "FSSR16BDY",
        "start": 0,
        "end": 28
      },
      {
        "Type": "QTBDY",
        "start": 29,
        "end": 35
      },
      {
        "Type": "QHBDY",
        "start": 36,
        "end": 44
      }
    ],
    "sections": {},
    "boundaries": {
      "CS26": {
        "API Class": "floodmodeller_api.units.boundaries.QTBDY",
        "Object Attributes": {
          "_label_len": 12,
          "_name": "CS26",
          "comment": "",
          "nrows": 4,
          "timeoffset": 0.0,
          "_something": 0.0,
          "timeunit": "seconds",
          "extendmethod": "NOEXTEND",
          "interpmethod": "LINEAR",
          "flowmultiplier": 0.0,
          "minflow": 0.0,
          "allow_override": "OVERRIDE",
          "data": {
            "class": "pandas.Series",
            "variable_name": "Flow",
            "index_name": "Time",
            "object": {
              "0.0": 1.0,
              "46800.0": 1.0,
              "47160.0": 0.0,
              "1000000000.0": 0.0
            }
          }
        }
      },
      "DS4": {
        "API Class": "floodmodeller_api.units.boundaries.QHBDY",
        "Object Attributes": {
          "_label_len": 12,
          "_name": "DS4",
          "comment": "",
          "nrows": 6,
          "interpmethod": "LINEAR",
          "data": {
            "class": "pandas.Series",
            "variable_name": "Flow",
            "index_name": "Stage",
            "object": {
              "67.03": 0.0,
              "67.75": 1.751,
              "68.22": 5.303,
              "68.56": 10.351,
              "69.059": 33.975,
              "69.487": 65.165
            }
          }
        }
      }
    },
    "structures": {},
    "conduits": {},
    "losses": {},
    "_unsupported": {
      "resin (FSSR16BDY)": {
        "API Class": "floodmodeller_api.units.unsupported.UNSUPPORTED",
        "Object Attributes": {
          "_label_len": 12,
          "_name": "resin",
          "_unit": "FSSR16BDY",
          "_subtype": false,
          "_raw_block": [
            "FSSR16BDY",
            "resin",
            "    66.000                    ",
            "       0.0     1.000          SCALEFACT      1.000HYDROGRAPH      1.00      FULL",
            "ENGLAND",
            "    99.000     6.500    11.300     0.400     0.050",
            "     0.000    13.000    30.900     0.000",
            "   761.000    55.000     0.370   167.400",
            "FSRER",
            "   100.000     0.000     0.960",
            "FSRCW",
            "     0.000",
            "F16PR     FIXED",
            "    30.000",
            "OBSTP",
            "     1.000     4.500",
            "F16BF",
            "     0.000",
            "OBSUH",
            "7         mmarea",
            "     0.000",
            "     0.100",
            "     0.300",
            "     0.500",
            "     0.300",
            "     0.100",
            "     0.000",
            "WINRP              0",
            "         0"
          ],
          "comment": "",
          "labels": [
            "resin",
            ""
          ]
        }
      }
    },
    "_all_units": [
      {
        "API Class": "floodmodeller_api.units.unsupported.UNSUPPORTED",
        "Object Attributes": {
          "_label_len": 12,
          "_name": "resin",
          "_unit": "FSSR16BDY",
          "_subtype": false,
          "_raw_block": [
            "FSSR16BDY",
            "resin",
            "    66.000                    ",
            "       0.0     1.000          SCALEFACT      1.000HYDROGRAPH      1.00      FULL",
            "ENGLAND",
            "    99.000     6.500    11.300     0.400     0.050",
            "     0.000    13.000    30.900     0.000",
            "   761.000    55.000     0.370   167.400",
            "FSRER",
            "   100.000     0.000     0.960",
            "FSRCW",
            "     0.000",
            "F16PR     FIXED",
            "    30.000",
            "OBSTP",
            "     1.000     4.500",
            "F16BF",
            "     0.000",
            "OBSUH",
            "7         mmarea",
            "     0.000",
            "     0.100",
            "     0.300",
            "     0.500",
            "     0.300",
            "     0.100",
            "     0.000",
            "WINRP              0",
            "         0"
          ],
          "comment": "",
          "labels": [
            "resin",
            ""
          ]
        }
      },
      {
        "API Class": "floodmodeller_api.units.boundaries.QTBDY",
        "Object Attributes": {
          "_label_len": 12,
          "_name": "CS26",
          "comment": "",
          "nrows": 4,
          "timeoffset": 0.0,
          "_something": 0.0,
          "timeunit": "seconds",
          "extendmethod": "NOEXTEND",
          "interpmethod": "LINEAR",
          "flowmultiplier": 0.0,
          "minflow": 0.0,
          "allow_override": "OVERRIDE",
          "data": {
            "class": "pandas.Series",
            "variable_name": "Flow",
            "index_name": "Time",
            "object": {
              "0.0": 1.0,
              "46800.0": 1.0,
              "47160.0": 0.0,
              "1000000000.0": 0.0
            }
          }
        }
      },
      {
        "API Class": "floodmodeller_api.units.boundaries.QHBDY",
        "Object Attributes": {
          "_label_len": 12,
          "_name": "DS4",
          "comment": "",
          "nrows": 6,
          "interpmethod": "LINEAR",
          "data": {
            "class": "pandas.Series",
            "variable_name": "Flow",
            "index_name": "Stage",
            "object": {
              "67.03": 0.0,
              "67.75": 1.751,
              "68.22": 5.303,
              "68.56": 10.351,
              "69.059": 33.975,
              "69.487": 65.165
            }
          }
        }
      }
    ]
  }
}